// Jest Snapshot v1, https://goo.gl/fbAQLP

exports[`List renders correctly 1`] = `
<div>
  <h1
    className="sc-bdVaJa qBDhK"
  >
    Recipes
  </h1>
  <div
    className="CardDeck-hiovo2-0 fKfSga card-deck"
  >
    <div
      className="sc-bxivhb gJleJc"
    >
      <div
        className="Card-sc-18qyd5o-0 fVoFvn card"
      >
        <div
          className="card-block"
        >
          <a
            className="Button-h8watj-0 OlpfH btn btn-success"
            href="/recipe/new"
            onClick={[Function]}
          >
            Create a new recipe
          </a>
        </div>
      </div>
    </div>
  </div>
</div>
`;
